// Jest Snapshot v1, https://goo.gl/fbAQLP

exports[`Button tests should render a happy path input with simple props 1`] = `
<DocumentFragment>
  <div
    class="MuiFormControl-root MuiTextField-root MuiFormControl-marginNormal"
    data-testid="external-mui-input"
  >
    <label
      class="MuiFormLabel-root MuiInputLabel-root MuiInputLabel-formControl MuiInputLabel-animated MuiInputLabel-shrink MuiFormLabel-filled"
      data-shrink="true"
    >
      text field
    </label>
    <div
      class="MuiInputBase-root MuiInput-root MuiInput-underline MuiInputBase-formControl MuiInput-formControl"
    >
      <input
        aria-invalid="false"
        class="MuiInputBase-input MuiInput-input"
        data-testid="mui-textfield"
        type="text"
        value="value"
      />
    </div>
  </div>
</DocumentFragment>
`;
