// Jest Snapshot v1, https://goo.gl/fbAQLP

exports[`Search component tests should render a happy search component 1`] = `
<DocumentFragment>
  <div
    class="MuiFormControl-root MuiTextField-root makeStyles-textField-1 MuiFormControl-marginNormal"
    data-testid="search-component"
  >
    <label
      class="MuiFormLabel-root MuiInputLabel-root MuiInputLabel-formControl MuiInputLabel-animated"
      data-shrink="false"
    >
      Search
    </label>
    <div
      class="MuiInputBase-root MuiInput-root MuiInput-underline MuiInputBase-formControl MuiInput-formControl"
    >
      <input
        aria-invalid="false"
        class="MuiInputBase-input MuiInput-input"
        data-testid="mui-textfield"
        type="text"
        value=""
      />
    </div>
  </div>
</DocumentFragment>
`;
