// Jest Snapshot v1, https://goo.gl/fbAQLP

exports[`Table component tests should render a happy table with simple props 1`] = `
<DocumentFragment>
  <div
    class="MuiPaper-root MuiPaper-elevation1 makeStyles-root-1 MuiPaper-rounded"
    data-testid="mui-table"
  >
    <table
      class="MuiTable-root makeStyles-table-2"
    >
      <thead
        class="MuiTableHead-root"
      >
        <tr
          class="MuiTableRow-root MuiTableRow-head"
        >
          <th
            class="MuiTableCell-root MuiTableCell-head"
            scope="col"
          >
            Name
          </th>
          <th
            class="MuiTableCell-root MuiTableCell-head MuiTableCell-alignRight"
            scope="col"
          >
            Ingredients
          </th>
        </tr>
      </thead>
      <tbody
        class="MuiTableBody-root"
      >
        <tr
          class="MuiTableRow-root makeStyles-row-3"
        >
          <th
            class="MuiTableCell-root MuiTableCell-body"
            data-testid="table-cell"
            scope="row"
          >
            Omelette
          </th>
          <td
            class="MuiTableCell-root MuiTableCell-body MuiTableCell-alignRight"
          >
            2 eggs , cheese , salt , black pepper
          </td>
        </tr>
        <tr
          class="MuiTableRow-root makeStyles-row-3"
        >
          <th
            class="MuiTableCell-root MuiTableCell-body"
            data-testid="table-cell"
            scope="row"
          >
            Salad with tomatoes
          </th>
          <td
            class="MuiTableCell-root MuiTableCell-body MuiTableCell-alignRight"
          >
            salad , 2 tomatoes , 2 avocados , 1 tooth garlic , 1 onion , lemon juice , salt , pepper
          </td>
        </tr>
        <tr
          class="MuiTableRow-root makeStyles-row-3"
        >
          <th
            class="MuiTableCell-root MuiTableCell-body"
            data-testid="table-cell"
            scope="row"
          >
            Spaghetti with tomato sauce
          </th>
          <td
            class="MuiTableCell-root MuiTableCell-body MuiTableCell-alignRight"
          >
            spaghetti , 1 beef , 1/4 teaspoon garlic powder , 1 onion , 3 tomatoes , 4 mushrooms , oregano , salt
          </td>
        </tr>
      </tbody>
    </table>
  </div>
</DocumentFragment>
`;
